[debug] [2026-04-19T07:42:55.918Z] ----------------------------------------------------------------------
[debug] [2026-04-19T07:42:55.920Z] Command:       C:\Program Files\nodejs\node.exe C:\Users\Dell\AppData\Roaming\npm\node_modules\firebase-tools\lib\bin\firebase.js init hosting
[debug] [2026-04-19T07:42:55.920Z] CLI Version:   15.15.0
[debug] [2026-04-19T07:42:55.921Z] Platform:      win32
[debug] [2026-04-19T07:42:55.921Z] Node Version:  v22.20.0
[debug] [2026-04-19T07:42:55.921Z] Time:          Sun Apr 19 2026 13:12:55 GMT+0530 (India Standard Time)
[debug] [2026-04-19T07:42:55.921Z] ----------------------------------------------------------------------
[debug] 
[debug] [2026-04-19T07:42:55.923Z] >>> [apiv2][query] GET https://firebase-public.firebaseio.com/cli.json [none]
[info] 
     ######## #### ########  ######## ########     ###     ######  ########
     ##        ##  ##     ## ##       ##     ##  ##   ##  ##       ##
     ######    ##  ########  ######   ########  #########  ######  ######
     ##        ##  ##    ##  ##       ##     ## ##     ##       ## ##
     ##       #### ##     ## ######## ########  ##     ##  ######  ########

You're about to initialize a Firebase project in this directory:

  C:\Users\Dell\StudioProjects\KORA

[debug] [2026-04-19T07:42:57.881Z] <<< [apiv2][status] GET https://firebase-public.firebaseio.com/cli.json 200
[debug] [2026-04-19T07:42:57.881Z] <<< [apiv2][body] GET https://firebase-public.firebaseio.com/cli.json {"cloudBuildErrorAfter":1594252800000,"cloudBuildWarnAfter":1590019200000,"defaultNode10After":1594252800000,"minVersion":"3.0.5","node8DeploysDisabledAfter":1613390400000,"node8RuntimeDisabledAfter":1615809600000,"node8WarnAfter":1600128000000}
[info] 
=== Project Setup
[info] 
[info] First, let's associate this project directory with a Firebase project.
[info] You can create multiple project aliases by running firebase use --add, 
[info] 
[info] i  If you want to create a project in a Google Cloud organization or folder, please use "firebase projects:create" instead, and return to this command when you've created the project. 
[debug] [2026-04-19T07:43:17.555Z] > command requires scopes: ["email","openid","https://www.googleapis.com/auth/cloudplatformprojects.readonly","https://www.googleapis.com/auth/firebase","https://www.googleapis.com/auth/cloud-platform"]
[debug] [2026-04-19T07:43:17.556Z] > authorizing via signed-in user (kd850539@gmail.com)
[debug] [2026-04-19T07:43:39.353Z] Checked if tokens are valid: false, expires at: 1772293918361
[debug] [2026-04-19T07:43:39.353Z] Checked if tokens are valid: false, expires at: 1772293918361
[debug] [2026-04-19T07:43:39.353Z] > refreshing access token with scopes: []
[debug] [2026-04-19T07:43:39.354Z] >>> [apiv2][query] POST https://www.googleapis.com/oauth2/v3/token [none]
[debug] [2026-04-19T07:43:39.354Z] >>> [apiv2][body] POST https://www.googleapis.com/oauth2/v3/token [omitted]
[debug] [2026-04-19T07:43:39.574Z] <<< [apiv2][status] POST https://www.googleapis.com/oauth2/v3/token 200
[debug] [2026-04-19T07:43:39.574Z] <<< [apiv2][body] POST https://www.googleapis.com/oauth2/v3/token [omitted]
[debug] [2026-04-19T07:43:39.584Z] >>> [apiv2][query] POST https://firebase.googleapis.com/v1/projects:checkProjectId [none]
[debug] [2026-04-19T07:43:39.584Z] >>> [apiv2][body] POST https://firebase.googleapis.com/v1/projects:checkProjectId {"proposedId":"kora-app"}
[debug] [2026-04-19T07:43:40.282Z] <<< [apiv2][status] POST https://firebase.googleapis.com/v1/projects:checkProjectId 200
[debug] [2026-04-19T07:43:40.282Z] <<< [apiv2][body] POST https://firebase.googleapis.com/v1/projects:checkProjectId {"projectIdStatus":"PROJECT_ID_UNAVAILABLE","suggestedProjectId":"kora-app-bd845"}
[debug] [2026-04-19T07:43:49.658Z] Checked if tokens are valid: true, expires at: 1776588218574
[debug] [2026-04-19T07:43:49.659Z] Checked if tokens are valid: true, expires at: 1776588218574
[debug] [2026-04-19T07:43:49.660Z] >>> [apiv2][query] POST https://firebase.googleapis.com/v1/projects:checkProjectId [none]
[debug] [2026-04-19T07:43:49.660Z] >>> [apiv2][body] POST https://firebase.googleapis.com/v1/projects:checkProjectId {"proposedId":"kora.app"}
[debug] [2026-04-19T07:43:49.831Z] <<< [apiv2][status] POST https://firebase.googleapis.com/v1/projects:checkProjectId 400
[debug] [2026-04-19T07:43:49.831Z] <<< [apiv2][body] POST https://firebase.googleapis.com/v1/projects:checkProjectId {"error":{"code":400,"message":"Request contains an invalid argument.","status":"INVALID_ARGUMENT"}}
[debug] [2026-04-19T07:43:49.832Z] Couldn't check if project ID kora.app is available. Original error: FirebaseError: Failed to check if project ID is available. See firebase-debug.log for more info.
[debug] [2026-04-19T07:43:58.099Z] Checked if tokens are valid: true, expires at: 1776588218574
[debug] [2026-04-19T07:43:58.099Z] Checked if tokens are valid: true, expires at: 1776588218574
[debug] [2026-04-19T07:43:58.100Z] >>> [apiv2][query] POST https://cloudresourcemanager.googleapis.com/v1/projects [none]
[debug] [2026-04-19T07:43:58.100Z] >>> [apiv2][body] POST https://cloudresourcemanager.googleapis.com/v1/projects {"projectId":"kora.app","name":"kora.app"}
[debug] [2026-04-19T07:43:59.520Z] <<< [apiv2][status] POST https://cloudresourcemanager.googleapis.com/v1/projects 400
[debug] [2026-04-19T07:43:59.520Z] <<< [apiv2][body] POST https://cloudresourcemanager.googleapis.com/v1/projects {"error":{"code":400,"message":"Request contains an invalid argument.","status":"INVALID_ARGUMENT","details":[{"@type":"type.googleapis.com/google.rpc.BadRequest","fieldViolations":[{"field":"project_id","description":"project_id contains invalid characters"},{"field":"display_name","description":"project display name contains invalid characters"}]},{"@type":"type.googleapis.com/google.rpc.Help","links":[{"url":"https://cloud.google.com/resource-manager/reference/rest/v1/projects"}]}]}}
[debug] [2026-04-19T07:43:59.680Z] FirebaseError: Request to https://cloudresourcemanager.googleapis.com/v1/projects had HTTP Error: 400, Request contains an invalid argument.
    at responseToError (C:\Users\Dell\AppData\Roaming\npm\node_modules\firebase-tools\lib\responseToError.js:53:12)
    at RetryOperation._fn (C:\Users\Dell\AppData\Roaming\npm\node_modules\firebase-tools\lib\apiv2.js:333:77)
    at process.processTicksAndRejections (node:internal/process/task_queues:105:5)
[error] 
[error] Error: Failed to create project. See firebase-debug.log for more info.
[debug] [2026-04-19T07:44:23.053Z] ----------------------------------------------------------------------
[debug] [2026-04-19T07:44:23.057Z] Command:       C:\Program Files\nodejs\node.exe C:\Users\Dell\AppData\Roaming\npm\node_modules\firebase-tools\lib\bin\firebase.js init hosting
[debug] [2026-04-19T07:44:23.057Z] CLI Version:   15.15.0
[debug] [2026-04-19T07:44:23.057Z] Platform:      win32
[debug] [2026-04-19T07:44:23.057Z] Node Version:  v22.20.0
[debug] [2026-04-19T07:44:23.057Z] Time:          Sun Apr 19 2026 13:14:23 GMT+0530 (India Standard Time)
[debug] [2026-04-19T07:44:23.057Z] ----------------------------------------------------------------------
[debug] 
[info] 
     ######## #### ########  ######## ########     ###     ######  ########
     ##        ##  ##     ## ##       ##     ##  ##   ##  ##       ##
     ######    ##  ########  ######   ########  #########  ######  ######
     ##        ##  ##    ##  ##       ##     ## ##     ##       ## ##
     ##       #### ##     ## ######## ########  ##     ##  ######  ########

You're about to initialize a Firebase project in this directory:

  C:\Users\Dell\StudioProjects\KORA

[info] 
=== Project Setup
[info] 
[info] First, let's associate this project directory with a Firebase project.
[info] You can create multiple project aliases by running firebase use --add, 
[info] 
[info] i  If you want to create a project in a Google Cloud organization or folder, please use "firebase projects:create" instead, and return to this command when you've created the project. 
[debug] [2026-04-19T07:44:37.556Z] > command requires scopes: ["email","openid","https://www.googleapis.com/auth/cloudplatformprojects.readonly","https://www.googleapis.com/auth/firebase","https://www.googleapis.com/auth/cloud-platform"]
[debug] [2026-04-19T07:44:37.556Z] > authorizing via signed-in user (kd850539@gmail.com)
[debug] [2026-04-19T07:44:42.154Z] Checked if tokens are valid: true, expires at: 1776588218574
[debug] [2026-04-19T07:44:42.154Z] Checked if tokens are valid: true, expires at: 1776588218574
[debug] [2026-04-19T07:44:42.156Z] >>> [apiv2][query] POST https://firebase.googleapis.com/v1/projects:checkProjectId [none]
[debug] [2026-04-19T07:44:42.156Z] >>> [apiv2][body] POST https://firebase.googleapis.com/v1/projects:checkProjectId {"proposedId":"kora.app"}
[debug] [2026-04-19T07:44:42.478Z] <<< [apiv2][status] POST https://firebase.googleapis.com/v1/projects:checkProjectId 400
[debug] [2026-04-19T07:44:42.478Z] <<< [apiv2][body] POST https://firebase.googleapis.com/v1/projects:checkProjectId {"error":{"code":400,"message":"Request contains an invalid argument.","status":"INVALID_ARGUMENT"}}
[debug] [2026-04-19T07:44:42.479Z] Couldn't check if project ID kora.app is available. Original error: FirebaseError: Failed to check if project ID is available. See firebase-debug.log for more info.
[debug] [2026-04-19T07:44:43.860Z] Checked if tokens are valid: true, expires at: 1776588218574
[debug] [2026-04-19T07:44:43.861Z] Checked if tokens are valid: true, expires at: 1776588218574
[debug] [2026-04-19T07:44:43.861Z] >>> [apiv2][query] POST https://cloudresourcemanager.googleapis.com/v1/projects [none]
[debug] [2026-04-19T07:44:43.861Z] >>> [apiv2][body] POST https://cloudresourcemanager.googleapis.com/v1/projects {"projectId":"kora.app","name":"kora.app"}
[debug] [2026-04-19T07:44:45.183Z] <<< [apiv2][status] POST https://cloudresourcemanager.googleapis.com/v1/projects 400
[debug] [2026-04-19T07:44:45.183Z] <<< [apiv2][body] POST https://cloudresourcemanager.googleapis.com/v1/projects {"error":{"code":400,"message":"Request contains an invalid argument.","status":"INVALID_ARGUMENT","details":[{"@type":"type.googleapis.com/google.rpc.BadRequest","fieldViolations":[{"field":"project_id","description":"project_id contains invalid characters"},{"field":"display_name","description":"project display name contains invalid characters"}]},{"@type":"type.googleapis.com/google.rpc.Help","links":[{"url":"https://cloud.google.com/resource-manager/reference/rest/v1/projects"}]}]}}
[debug] [2026-04-19T07:44:45.434Z] FirebaseError: Request to https://cloudresourcemanager.googleapis.com/v1/projects had HTTP Error: 400, Request contains an invalid argument.
    at responseToError (C:\Users\Dell\AppData\Roaming\npm\node_modules\firebase-tools\lib\responseToError.js:53:12)
    at RetryOperation._fn (C:\Users\Dell\AppData\Roaming\npm\node_modules\firebase-tools\lib\apiv2.js:333:77)
    at process.processTicksAndRejections (node:internal/process/task_queues:105:5)
[error] 
[error] Error: Failed to create project. See firebase-debug.log for more info.
